../Drivers/CMSIS/Include/core_cm4.h:1679:22:__NVIC_EnableIRQ	16	static,ignoring_inline_asm
../Drivers/CMSIS/Include/core_cm4.h:1809:22:__NVIC_SetPriority	16	static
../Drivers/CMSIS/Include/core_cm4.h:2017:26:SysTick_Config	16	static
../Src/main.c:38:5:main	8	static
../Src/main.c:57:6:ServoPin	4	static
../Src/main.c:65:6:TIM3Config	8	static
../Src/main.c:87:6:TIM3_IRQHandler	4	static
../Src/main.c:101:6:SysTick_Handler	4	static
../Src/main.c:105:6:Delay	24	static
../Src/main.c:111:10:GetSystemTick	4	static
