Archive member included to satisfy reference by file (symbol)

C:/ST/STM32CubeIDE_1.14.0/STM32CubeIDE/plugins/com.st.stm32cube.ide.mcu.externaltools.gnu-tools-for-stm32.11.3.rel1.win32_1.1.100.202309141235/tools/bin/../lib/gcc/arm-none-eabi/11.3.1/../../../../arm-none-eabi/lib/thumb/v7e-m+fp/hard\libc_nano.a(libc_a-exit.o)
                              C:/ST/STM32CubeIDE_1.14.0/STM32CubeIDE/plugins/com.st.stm32cube.ide.mcu.externaltools.gnu-tools-for-stm32.11.3.rel1.win32_1.1.100.202309141235/tools/bin/../lib/gcc/arm-none-eabi/11.3.1/../../../../arm-none-eabi/lib/thumb/v7e-m+fp/hard/crt0.o (exit)
C:/ST/STM32CubeIDE_1.14.0/STM32CubeIDE/plugins/com.st.stm32cube.ide.mcu.externaltools.gnu-tools-for-stm32.11.3.rel1.win32_1.1.100.202309141235/tools/bin/../lib/gcc/arm-none-eabi/11.3.1/../../../../arm-none-eabi/lib/thumb/v7e-m+fp/hard\libc_nano.a(libc_a-findfp.o)
                              C:/ST/STM32CubeIDE_1.14.0/STM32CubeIDE/plugins/com.st.stm32cube.ide.mcu.externaltools.gnu-tools-for-stm32.11.3.rel1.win32_1.1.100.202309141235/tools/bin/../lib/gcc/arm-none-eabi/11.3.1/../../../../arm-none-eabi/lib/thumb/v7e-m+fp/hard\libc_nano.a(libc_a-exit.o) (__stdio_exit_handler)
C:/ST/STM32CubeIDE_1.14.0/STM32CubeIDE/plugins/com.st.stm32cube.ide.mcu.externaltools.gnu-tools-for-stm32.11.3.rel1.win32_1.1.100.202309141235/tools/bin/../lib/gcc/arm-none-eabi/11.3.1/../../../../arm-none-eabi/lib/thumb/v7e-m+fp/hard\libc_nano.a(libc_a-fwalk.o)
                              C:/ST/STM32CubeIDE_1.14.0/STM32CubeIDE/plugins/com.st.stm32cube.ide.mcu.externaltools.gnu-tools-for-stm32.11.3.rel1.win32_1.1.100.202309141235/tools/bin/../lib/gcc/arm-none-eabi/11.3.1/../../../../arm-none-eabi/lib/thumb/v7e-m+fp/hard\libc_nano.a(libc_a-findfp.o) (_fwalk_sglue)
C:/ST/STM32CubeIDE_1.14.0/STM32CubeIDE/plugins/com.st.stm32cube.ide.mcu.externaltools.gnu-tools-for-stm32.11.3.rel1.win32_1.1.100.202309141235/tools/bin/../lib/gcc/arm-none-eabi/11.3.1/../../../../arm-none-eabi/lib/thumb/v7e-m+fp/hard\libc_nano.a(libc_a-stdio.o)
                              C:/ST/STM32CubeIDE_1.14.0/STM32CubeIDE/plugins/com.st.stm32cube.ide.mcu.externaltools.gnu-tools-for-stm32.11.3.rel1.win32_1.1.100.202309141235/tools/bin/../lib/gcc/arm-none-eabi/11.3.1/../../../../arm-none-eabi/lib/thumb/v7e-m+fp/hard\libc_nano.a(libc_a-findfp.o) (__sread)
C:/ST/STM32CubeIDE_1.14.0/STM32CubeIDE/plugins/com.st.stm32cube.ide.mcu.externaltools.gnu-tools-for-stm32.11.3.rel1.win32_1.1.100.202309141235/tools/bin/../lib/gcc/arm-none-eabi/11.3.1/../../../../arm-none-eabi/lib/thumb/v7e-m+fp/hard\libc_nano.a(libc_a-memset.o)
                              C:/ST/STM32CubeIDE_1.14.0/STM32CubeIDE/plugins/com.st.stm32cube.ide.mcu.externaltools.gnu-tools-for-stm32.11.3.rel1.win32_1.1.100.202309141235/tools/bin/../lib/gcc/arm-none-eabi/11.3.1/../../../../arm-none-eabi/lib/thumb/v7e-m+fp/hard/crt0.o (memset)
C:/ST/STM32CubeIDE_1.14.0/STM32CubeIDE/plugins/com.st.stm32cube.ide.mcu.externaltools.gnu-tools-for-stm32.11.3.rel1.win32_1.1.100.202309141235/tools/bin/../lib/gcc/arm-none-eabi/11.3.1/../../../../arm-none-eabi/lib/thumb/v7e-m+fp/hard\libc_nano.a(libc_a-closer.o)
                              C:/ST/STM32CubeIDE_1.14.0/STM32CubeIDE/plugins/com.st.stm32cube.ide.mcu.externaltools.gnu-tools-for-stm32.11.3.rel1.win32_1.1.100.202309141235/tools/bin/../lib/gcc/arm-none-eabi/11.3.1/../../../../arm-none-eabi/lib/thumb/v7e-m+fp/hard\libc_nano.a(libc_a-stdio.o) (_close_r)
C:/ST/STM32CubeIDE_1.14.0/STM32CubeIDE/plugins/com.st.stm32cube.ide.mcu.externaltools.gnu-tools-for-stm32.11.3.rel1.win32_1.1.100.202309141235/tools/bin/../lib/gcc/arm-none-eabi/11.3.1/../../../../arm-none-eabi/lib/thumb/v7e-m+fp/hard\libc_nano.a(libc_a-reent.o)
                              C:/ST/STM32CubeIDE_1.14.0/STM32CubeIDE/plugins/com.st.stm32cube.ide.mcu.externaltools.gnu-tools-for-stm32.11.3.rel1.win32_1.1.100.202309141235/tools/bin/../lib/gcc/arm-none-eabi/11.3.1/../../../../arm-none-eabi/lib/thumb/v7e-m+fp/hard\libc_nano.a(libc_a-closer.o) (errno)
C:/ST/STM32CubeIDE_1.14.0/STM32CubeIDE/plugins/com.st.stm32cube.ide.mcu.externaltools.gnu-tools-for-stm32.11.3.rel1.win32_1.1.100.202309141235/tools/bin/../lib/gcc/arm-none-eabi/11.3.1/../../../../arm-none-eabi/lib/thumb/v7e-m+fp/hard\libc_nano.a(libc_a-impure.o)
                              C:/ST/STM32CubeIDE_1.14.0/STM32CubeIDE/plugins/com.st.stm32cube.ide.mcu.externaltools.gnu-tools-for-stm32.11.3.rel1.win32_1.1.100.202309141235/tools/bin/../lib/gcc/arm-none-eabi/11.3.1/../../../../arm-none-eabi/lib/thumb/v7e-m+fp/hard\libc_nano.a(libc_a-reent.o) (_impure_ptr)
C:/ST/STM32CubeIDE_1.14.0/STM32CubeIDE/plugins/com.st.stm32cube.ide.mcu.externaltools.gnu-tools-for-stm32.11.3.rel1.win32_1.1.100.202309141235/tools/bin/../lib/gcc/arm-none-eabi/11.3.1/../../../../arm-none-eabi/lib/thumb/v7e-m+fp/hard\libc_nano.a(libc_a-lseekr.o)
[...]
Memory Configuration

Name             Origin             Length             Attributes
RAM              0x0000000020000000 0x0000000000018000 xrw
SRAM2            0x0000000010000000 0x0000000000008000 xrw
FLASH            0x0000000008000000 0x0000000000100000 xr
*default*        0x0000000000000000 0xffffffffffffffff

Linker script and memory map

LOAD C:/ST/STM32CubeIDE_1.14.0/STM32CubeIDE/plugins/com.st.stm32cube.ide.mcu.externaltools.gnu-tools-for-stm32.11.3.rel1.win32_1.1.100.202309141235/tools/bin/../lib/gcc/arm-none-eabi/11.3.1/thumb/v7e-m+fp/hard/crti.o
LOAD C:/ST/STM32CubeIDE_1.14.0/STM32CubeIDE/plugins/com.st.stm32cube.ide.mcu.externaltools.gnu-tools-for-stm32.11.3.rel1.win32_1.1.100.202309141235/tools/bin/../lib/gcc/arm-none-eabi/11.3.1/thumb/v7e-m+fp/hard/crtbegin.o
LOAD C:/ST/STM32CubeIDE_1.14.0/STM32CubeIDE/plugins/com.st.stm32cube.ide.mcu.externaltools.gnu-tools-for-stm32.11.3.rel1.win32_1.1.100.202309141235/tools/bin/../lib/gcc/arm-none-eabi/11.3.1/../../../../arm-none-eabi/lib/thumb/v7e-m+fp/hard/crt0.o
LOAD ./Src/gpio_conf.o
LOAD ./Src/main.o
LOAD ./Src/syscalls.o
LOAD ./Src/sysmem.o
LOAD ./Startup/startup_stm32l476rgtx.o
START GROUP
LOAD C:/ST/STM32CubeIDE_1.14.0/STM32CubeIDE/plugins/com.st.stm32cube.ide.mcu.externaltools.gnu-tools-for-stm32.11.3.rel1.win32_1.1.100.202309141235/tools/bin/../lib/gcc/arm-none-eabi/11.3.1/../../../../arm-none-eabi/lib/thumb/v7e-m+fp/hard\libc_nano.a
LOAD C:/ST/STM32CubeIDE_1.14.0/STM32CubeIDE/plugins/com.st.stm32cube.ide.mcu.externaltools.gnu-tools-for-stm32.11.3.rel1.win32_1.1.100.202309141235/tools/bin/../lib/gcc/arm-none-eabi/11.3.1/../../../../arm-none-eabi/lib/thumb/v7e-m+fp/hard\libm.a
END GROUP
START GROUP
LOAD C:/ST/STM32CubeIDE_1.14.0/STM32CubeIDE/plugins/com.st.stm32cube.ide.mcu.externaltools.gnu-tools-for-stm32.11.3.rel1.win32_1.1.100.202309141235/tools/bin/../lib/gcc/arm-none-eabi/11.3.1/thumb/v7e-m+fp/hard\libgcc.a
LOAD C:/ST/STM32CubeIDE_1.14.0/STM32CubeIDE/plugins/com.st.stm32cube.ide.mcu.externaltools.gnu-tools-for-stm32.11.3.rel1.win32_1.1.100.202309141235/tools/bin/../lib/gcc/arm-none-eabi/11.3.1/../../../../arm-none-eabi/lib/thumb/v7e-m+fp/hard\libc_nano.a
END GROUP
START GROUP
LOAD C:/ST/STM32CubeIDE_1.14.0/STM32CubeIDE/plugins/com.st.stm32cube.ide.mcu.externaltools.gnu-tools-for-stm32.11.3.rel1.win32_1.1.100.202309141235/tools/bin/../lib/gcc/arm-none-eabi/11.3.1/thumb/v7e-m+fp/hard\libgcc.a
LOAD C:/ST/STM32CubeIDE_1.14.0/STM32CubeIDE/plugins/com.st.stm32cube.ide.mcu.externaltools.gnu-tools-for-stm32.11.3.rel1.win32_1.1.100.202309141235/tools/bin/../lib/gcc/arm-none-eabi/11.3.1/../../../../arm-none-eabi/lib/thumb/v7e-m+fp/hard\libc_nano.a
LOAD C:/ST/STM32CubeIDE_1.14.0/STM32CubeIDE/plugins/com.st.stm32cube.ide.mcu.externaltools.gnu-tools-for-stm32.11.3.rel1.win32_1.1.100.202309141235/tools/bin/../lib/gcc/arm-none-eabi/11.3.1/../../../../arm-none-eabi/lib/thumb/v7e-m+fp/hard\libnosys.a
END GROUP
START GROUP
LOAD C:/ST/STM32CubeIDE_1.14.0/STM32CubeIDE/plugins/com.st.stm32cube.ide.mcu.externaltools.gnu-tools-for-stm32.11.3.rel1.win32_1.1.100.202309141235/tools/bin/../lib/gcc/arm-none-eabi/11.3.1/thumb/v7e-m+fp/hard\libgcc.a
LOAD C:/ST/STM32CubeIDE_1.14.0/STM32CubeIDE/plugins/com.st.stm32cube.ide.mcu.externaltools.gnu-tools-for-stm32.11.3.rel1.win32_1.1.100.202309141235/tools/bin/../lib/gcc/arm-none-eabi/11.3.1/../../../../arm-none-eabi/lib/thumb/v7e-m+fp/hard\libc_nano.a
LOAD C:/ST/STM32CubeIDE_1.14.0/STM32CubeIDE/plugins/com.st.stm32cube.ide.mcu.externaltools.gnu-tools-for-stm32.11.3.rel1.win32_1.1.100.202309141235/tools/bin/../lib/gcc/arm-none-eabi/11.3.1/../../../../arm-none-eabi/lib/thumb/v7e-m+fp/hard\libnosys.a
END GROUP
LOAD C:/ST/STM32CubeIDE_1.14.0/STM32CubeIDE/plugins/com.st.stm32cube.ide.mcu.externaltools.gnu-tools-for-stm32.11.3.rel1.win32_1.1.100.202309141235/tools/bin/../lib/gcc/arm-none-eabi/11.3.1/thumb/v7e-m+fp/hard/crtend.o
LOAD C:/ST/STM32CubeIDE_1.14.0/STM32CubeIDE/plugins/com.st.stm32cube.ide.mcu.externaltools.gnu-tools-for-stm32.11.3.rel1.win32_1.1.100.202309141235/tools/bin/../lib/gcc/arm-none-eabi/11.3.1/thumb/v7e-m+fp/hard/crtn.o
                0x0000000020018000                _estack = (ORIGIN (RAM) + LENGTH (RAM))
                0x0000000000000200                _Min_Heap_Size = 0x200
                0x0000000000000400                _Min_Stack_Size = 0x400

.isr_vector     0x0000000008000000      0x184
                0x0000000008000000                . = ALIGN (0x4)
 *(.isr_vector)
 .isr_vector    0x0000000008000000      0x184 ./Startup/startup_stm32l476rgtx.o
                0x0000000008000000                g_pfnVectors
                0x0000000008000184                . = ALIGN (0x4)

.text           0x0000000008000184      0x504
                0x0000000008000184                . = ALIGN (0x4)
 *(.text)
 .text          0x0000000008000184       0x40 C:/ST/STM32CubeIDE_1.14.0/STM32CubeIDE/plugins/com.st.stm32cube.ide.mcu.externaltools.gnu-tools-for-stm32.11.3.rel1.win32_1.1.100.202309141235/tools/bin/../lib/gcc/arm-none-eabi/11.3.1/thumb/v7e-m+fp/hard/crtbegin.o
 .text          0x00000000080001c4       0x14 C:/ST/STM32CubeIDE_1.14.0/STM32CubeIDE/plugins/com.st.stm32cube.ide.mcu.externaltools.gnu-tools-for-stm32.11.3.rel1.win32_1.1.100.202309141235/tools/bin/../lib/gcc/arm-none-eabi/11.3.1/../../../../arm-none-eabi/lib/thumb/v7e-m+fp/hard\libc_nano.a(libc_a-strcmp.o)
                0x00000000080001c4                strcmp
 *(.text*)
 .text.ConfigOutput
                0x00000000080001d8       0x70 ./Src/gpio_conf.o
                0x00000000080001d8                ConfigOutput
 .text.ConfigOutput2
                0x0000000008000248       0x70 ./Src/gpio_conf.o
                0x0000000008000248                ConfigOutput2
 .text.__NVIC_SetPriority
                0x00000000080002b8       0x54 ./Src/main.o
 .text.SysTick_Config
                0x000000000800030c       0x44 ./Src/main.o
 .text.main     0x0000000008000350       0xa8 ./Src/main.o
                0x0000000008000350                main
 .text.UART2_Config
                0x00000000080003f8       0xb4 ./Src/main.o
                0x00000000080003f8                UART2_Config
 .text.UART2_SendStr
                0x00000000080004ac       0x2c ./Src/main.o
                0x00000000080004ac                UART2_SendStr
 .text.UART2_SendChar
                0x00000000080004d8       0x34 ./Src/main.o
                0x00000000080004d8                UART2_SendChar
 .text.UART2_RecChar
                0x000000000800050c       0xac ./Src/main.o
                0x000000000800050c                UART2_RecChar
 .text.SysTick_Handler
                0x00000000080005b8       0x1c ./Src/main.o
                0x00000000080005b8                SysTick_Handler
 .text.Reset_Handler
                0x00000000080005d4       0x50 ./Startup/startup_stm32l476rgtx.o
                0x00000000080005d4                Reset_Handler
 .text.Default_Handler
                0x0000000008000624        0x2 ./Startup/startup_stm32l476rgtx.o
                0x0000000008000624                EXTI2_IRQHandler
                0x0000000008000624                TIM8_TRG_COM_IRQHandler
                0x0000000008000624                TIM8_CC_IRQHandler
                0x0000000008000624                DebugMon_Handler
                0x0000000008000624                DMA1_CH4_IRQHandler
                0x0000000008000624                TIM1_CC_IRQHandler
                0x0000000008000624                TSC_IRQHandler
                0x0000000008000624                HardFault_Handler
                0x0000000008000624                TAMP_STAMP_IRQHandler
                0x0000000008000624                PendSV_Handler
                0x0000000008000624                NMI_Handler
                0x0000000008000624                EXTI3_IRQHandler
                0x0000000008000624                LPTIM2_IRQHandler
                0x0000000008000624                DFSDM1_FLT1_IRQHandler
                0x0000000008000624                I2C3_ER_IRQHandler
                0x0000000008000624                DFSDM1_FLT2_IRQHandler
                0x0000000008000624                TIM6_DACUNDER_IRQHandler
                0x0000000008000624                EXTI0_IRQHandler
                0x0000000008000624                I2C2_EV_IRQHandler
                0x0000000008000624                DMA2_CH1_IRQHandler
                0x0000000008000624                CAN1_RX0_IRQHandler
                0x0000000008000624                TIM1_UP_TIM16_IRQHandler
                0x0000000008000624                DMA2_CH7_IRQHandler
                0x0000000008000624                UsageFault_Handler
                0x0000000008000624                ADC1_2_IRQHandler
                0x0000000008000624                SPI1_IRQHandler
                0x0000000008000624                DMA1_CH7_IRQHandler
                0x0000000008000624                TIM8_UP_IRQHandler
                0x0000000008000624                RTC_ALARM_IRQHandler
                0x0000000008000624                SAI2_IRQHandler
                0x0000000008000624                DFSDM1_FLT3_IRQHandler
                0x0000000008000624                DMA1_CH6_IRQHandler
                0x0000000008000624                USART3_IRQHandler
                0x0000000008000624                CAN1_RX1_IRQHandler
                0x0000000008000624                LCD_IRQHandler
                0x0000000008000624                UART5_IRQHandler
                0x0000000008000624                ADC3_IRQHandler
                0x0000000008000624                TIM4_IRQHandler
                0x0000000008000624                QUADSPI_IRQHandler
                0x0000000008000624                I2C1_EV_IRQHandler
                0x0000000008000624                DMA2_CH5_IRQHandler
                0x0000000008000624                UART4_IRQHandler
                0x0000000008000624                DMA1_CH3_IRQHandler
                0x0000000008000624                TIM3_IRQHandler
                0x0000000008000624                RCC_IRQHandler
                0x0000000008000624                Default_Handler
                0x0000000008000624                EXTI15_10_IRQHandler
                0x0000000008000624                TIM7_IRQHandler
                0x0000000008000624                SDMMC1_IRQHandler
                0x0000000008000624                TIM5_IRQHandler
                0x0000000008000624                I2C3_EV_IRQHandler
                0x0000000008000624                EXTI9_5_IRQHandler
                0x0000000008000624                DMA1_CH2_IRQHandler
                0x0000000008000624                RTC_WKUP_IRQHandler
                0x0000000008000624                PVD_PVM_IRQHandler
                0x0000000008000624                SPI2_IRQHandler
                0x0000000008000624                DMA1_CH1_IRQHandler
                0x0000000008000624                MemManage_Handler
                0x0000000008000624                CAN1_TX_IRQHandler
                0x0000000008000624                SVC_Handler
                0x0000000008000624                EXTI4_IRQHandler
                0x0000000008000624                RNG_IRQHandler
                0x0000000008000624                TIM1_TRG_COM_TIM17_IRQHandler
                0x0000000008000624                COMP_IRQHandler
                0x0000000008000624                WWDG_IRQHandler
                0x0000000008000624                LPUART1_IRQHandler
                0x0000000008000624                TIM2_IRQHandler
                0x0000000008000624                EXTI1_IRQHandler
                0x0000000008000624                AES_IRQHandler
                0x0000000008000624                USART2_IRQHandler
                0x0000000008000624                DFSDM1_FLT0_IRQHandler
                0x0000000008000624                I2C2_ER_IRQHandler
                0x0000000008000624                TIM8_BRK_IRQHandler
                0x0000000008000624                CAN1_SCE_IRQHandler
                0x0000000008000624                FLASH_IRQHandler
                0x0000000008000624                BusFault_Handler
                0x0000000008000624                USART1_IRQHandler
                0x0000000008000624                OTG_FS_IRQHandler
                0x0000000008000624                SPI3_IRQHandler
                0x0000000008000624                DMA2_CH6_IRQHandler
                0x0000000008000624                DMA2_CH3_IRQHandler
                0x0000000008000624                DMA2_CH2_IRQHandler
                0x0000000008000624                I2C1_ER_IRQHandler
                0x0000000008000624                FMC_IRQHandler
                0x0000000008000624                DMA1_CH5_IRQHandler
                0x0000000008000624                DMA2_CH4_IRQHandler
                0x0000000008000624                SWPMI1_IRQHandler
                0x0000000008000624                LPTIM1_IRQHandler
                0x0000000008000624                SAI1_IRQHandler
                0x0000000008000624                TIM1_BRK_TIM15_IRQHandler
 *fill*         0x0000000008000626        0x2 
 .text.__libc_init_array
                0x0000000008000628       0x48 C:/ST/STM32CubeIDE_1.14.0/STM32CubeIDE/plugins/com.st.stm32cube.ide.mcu.externaltools.gnu-tools-for-stm32.11.3.rel1.win32_1.1.100.202309141235/tools/bin/../lib/gcc/arm-none-eabi/11.3.1/../../../../arm-none-eabi/lib/thumb/v7e-m+fp/hard\libc_nano.a(libc_a-init.o)
                0x0000000008000628                __libc_init_array
 *(.glue_7)
 .glue_7        0x0000000008000670        0x0 linker stubs
 *(.glue_7t)
 .glue_7t       0x0000000008000670        0x0 linker stubs
 *(.eh_frame)
 .eh_frame      0x0000000008000670        0x0 C:/ST/STM32CubeIDE_1.14.0/STM32CubeIDE/plugins/com.st.stm32cube.ide.mcu.externaltools.gnu-tools-for-stm32.11.3.rel1.win32_1.1.100.202309141235/tools/bin/../lib/gcc/arm-none-eabi/11.3.1/thumb/v7e-m+fp/hard/crtbegin.o
 *(.init)
 .init          0x0000000008000670        0x4 C:/ST/STM32CubeIDE_1.14.0/STM32CubeIDE/plugins/com.st.stm32cube.ide.mcu.externaltools.gnu-tools-for-stm32.11.3.rel1.win32_1.1.100.202309141235/tools/bin/../lib/gcc/arm-none-eabi/11.3.1/thumb/v7e-m+fp/hard/crti.o
                0x0000000008000670                _init
 .init          0x0000000008000674        0x8 C:/ST/STM32CubeIDE_1.14.0/STM32CubeIDE/plugins/com.st.stm32cube.ide.mcu.externaltools.gnu-tools-for-stm32.11.3.rel1.win32_1.1.100.202309141235/tools/bin/../lib/gcc/arm-none-eabi/11.3.1/thumb/v7e-m+fp/hard/crtn.o
 *(.fini)
 .fini          0x000000000800067c        0x4 C:/ST/STM32CubeIDE_1.14.0/STM32CubeIDE/plugins/com.st.stm32cube.ide.mcu.externaltools.gnu-tools-for-stm32.11.3.rel1.win32_1.1.100.202309141235/tools/bin/../lib/gcc/arm-none-eabi/11.3.1/thumb/v7e-m+fp/hard/crti.o
                0x000000000800067c                _fini
 .fini          0x0000000008000680        0x8 C:/ST/STM32CubeIDE_1.14.0/STM32CubeIDE/plugins/com.st.stm32cube.ide.mcu.externaltools.gnu-tools-for-stm32.11.3.rel1.win32_1.1.100.202309141235/tools/bin/../lib/gcc/arm-none-eabi/11.3.1/thumb/v7e-m+fp/hard/crtn.o
                0x0000000008000688                . = ALIGN (0x4)
                0x0000000008000688                _etext = .

.vfp11_veneer   0x0000000008000688        0x0
 .vfp11_veneer  0x0000000008000688        0x0 linker stubs

.v4_bx          0x0000000008000688        0x0
 .v4_bx         0x0000000008000688        0x0 linker stubs

.iplt           0x0000000008000688        0x0
 .iplt          0x0000000008000688        0x0 C:/ST/STM32CubeIDE_1.14.0/STM32CubeIDE/plugins/com.st.stm32cube.ide.mcu.externaltools.gnu-tools-for-stm32.11.3.rel1.win32_1.1.100.202309141235/tools/bin/../lib/gcc/arm-none-eabi/11.3.1/thumb/v7e-m+fp/hard/crtbegin.o

.rodata         0x0000000008000688       0x20
                0x0000000008000688                . = ALIGN (0x4)
 *(.rodata)
 .rodata        0x0000000008000688       0x1e ./Src/main.o
 *(.rodata*)
                0x00000000080006a8                . = ALIGN (0x4)
 *fill*         0x00000000080006a6        0x2 

.rel.dyn        0x00000000080006a8        0x0
 .rel.iplt      0x00000000080006a8        0x0 C:/ST/STM32CubeIDE_1.14.0/STM32CubeIDE/plugins/com.st.stm32cube.ide.mcu.externaltools.gnu-tools-for-stm32.11.3.rel1.win32_1.1.100.202309141235/tools/bin/../lib/gcc/arm-none-eabi/11.3.1/thumb/v7e-m+fp/hard/crtbegin.o

.ARM.extab      0x00000000080006a8        0x0
                0x00000000080006a8                . = ALIGN (0x4)
 *(.ARM.extab* .gnu.linkonce.armextab.*)
                0x00000000080006a8                . = ALIGN (0x4)

.ARM            0x00000000080006a8        0x0
                0x00000000080006a8                . = ALIGN (0x4)
                0x00000000080006a8                __exidx_start = .
 *(.ARM.exidx*)
                0x00000000080006a8                __exidx_end = .
                0x00000000080006a8                . = ALIGN (0x4)

.preinit_array  0x00000000080006a8        0x0
                0x00000000080006a8                . = ALIGN (0x4)
                0x00000000080006a8                PROVIDE (__preinit_array_start = .)
 *(.preinit_array*)
                0x00000000080006a8                PROVIDE (__preinit_array_end = .)
                0x00000000080006a8                . = ALIGN (0x4)

.init_array     0x00000000080006a8        0x4
                0x00000000080006a8                . = ALIGN (0x4)
                0x00000000080006a8                PROVIDE (__init_array_start = .)
 *(SORT_BY_NAME(.init_array.*))
 *(.init_array*)
 .init_array    0x00000000080006a8        0x4 C:/ST/STM32CubeIDE_1.14.0/STM32CubeIDE/plugins/com.st.stm32cube.ide.mcu.externaltools.gnu-tools-for-stm32.11.3.rel1.win32_1.1.100.202309141235/tools/bin/../lib/gcc/arm-none-eabi/11.3.1/thumb/v7e-m+fp/hard/crtbegin.o
                0x00000000080006ac                PROVIDE (__init_array_end = .)
                0x00000000080006ac                . = ALIGN (0x4)

.fini_array     0x00000000080006ac        0x4
                0x00000000080006ac                . = ALIGN (0x4)
                [!provide]                        PROVIDE (__fini_array_start = .)
 *(SORT_BY_NAME(.fini_array.*))
 *(.fini_array*)
 .fini_array    0x00000000080006ac        0x4 C:/ST/STM32CubeIDE_1.14.0/STM32CubeIDE/plugins/com.st.stm32cube.ide.mcu.externaltools.gnu-tools-for-stm32.11.3.rel1.win32_1.1.100.202309141235/tools/bin/../lib/gcc/arm-none-eabi/11.3.1/thumb/v7e-m+fp/hard/crtbegin.o
                [!provide]                        PROVIDE (__fini_array_end = .)
                0x00000000080006b0                . = ALIGN (0x4)
                0x00000000080006b0                _sidata = LOADADDR (.data)

.data           0x0000000020000000        0x0 load address 0x00000000080006b0
                0x0000000020000000                . = ALIGN (0x4)
                0x0000000020000000                _sdata = .
 *(.data)
 *(.data*)
 *(.RamFunc)
 *(.RamFunc*)
                0x0000000020000000                . = ALIGN (0x4)
                0x0000000020000000                _edata = .
                0x00000000080006b0                _sisram2 = LOADADDR (.sram2)

.igot.plt       0x0000000020000000        0x0 load address 0x00000000080006b0
 .igot.plt      0x0000000020000000        0x0 C:/ST/STM32CubeIDE_1.14.0/STM32CubeIDE/plugins/com.st.stm32cube.ide.mcu.externaltools.gnu-tools-for-stm32.11.3.rel1.win32_1.1.100.202309141235/tools/bin/../lib/gcc/arm-none-eabi/11.3.1/thumb/v7e-m+fp/hard/crtbegin.o

.sram2          0x0000000010000000        0x0 load address 0x00000000080006b0
                0x0000000010000000                . = ALIGN (0x4)
                0x0000000010000000                _ssram2 = .
 *(.sram2)
 *(.sram2*)
                0x0000000010000000                . = ALIGN (0x4)
                0x0000000010000000                _esram2 = .
                0x0000000010000000                . = ALIGN (0x4)

.bss            0x0000000020000000       0x50
                0x0000000020000000                _sbss = .
                0x0000000020000000                __bss_start__ = _sbss
 *(.bss)
 .bss           0x0000000020000000       0x1c C:/ST/STM32CubeIDE_1.14.0/STM32CubeIDE/plugins/com.st.stm32cube.ide.mcu.externaltools.gnu-tools-for-stm32.11.3.rel1.win32_1.1.100.202309141235/tools/bin/../lib/gcc/arm-none-eabi/11.3.1/thumb/v7e-m+fp/hard/crtbegin.o
 *(.bss*)
 .bss.Tick      0x000000002000001c        0x4 ./Src/main.o
                0x000000002000001c                Tick
 .bss.rxbuffer  0x0000000020000020       0x14 ./Src/main.o
                0x0000000020000020                rxbuffer
 .bss.rxpos     0x0000000020000034        0x1 ./Src/main.o
                0x0000000020000034                rxpos
 *fill*         0x0000000020000035        0x3 
 .bss.tab1      0x0000000020000038       0x14 ./Src/main.o
                0x0000000020000038                tab1
 .bss.CompareReady
                0x000000002000004c        0x1 ./Src/main.o
                0x000000002000004c                CompareReady
 *(COMMON)
                0x0000000020000050                . = ALIGN (0x4)
 *fill*         0x000000002000004d        0x3 
                0x0000000020000050                _ebss = .
                0x0000000020000050                __bss_end__ = _ebss

._user_heap_stack
                0x0000000020000050      0x600
                0x0000000020000050                . = ALIGN (0x8)
                [!provide]                        PROVIDE (end = .)
                0x0000000020000050                PROVIDE (_end = .)
                0x0000000020000250                . = (. + _Min_Heap_Size)
 *fill*         0x0000000020000050      0x200 
                0x0000000020000650                . = (. + _Min_Stack_Size)
 *fill*         0x0000000020000250      0x400 
                0x0000000020000650                . = ALIGN (0x8)

/DISCARD/
 libc.a(*)
 libm.a(*)
 libgcc.a(*)

.ARM.attributes
                0x0000000000000000       0x30
 *(.ARM.attributes)
 .ARM.attributes
                0x0000000000000000       0x1e C:/ST/STM32CubeIDE_1.14.0/STM32CubeIDE/plugins/com.st.stm32cube.ide.mcu.externaltools.gnu-tools-for-stm32.11.3.rel1.win32_1.1.100.202309141235/tools/bin/../lib/gcc/arm-none-eabi/11.3.1/thumb/v7e-m+fp/hard/crti.o
 .ARM.attributes
                0x000000000000001e       0x34 C:/ST/STM32CubeIDE_1.14.0/STM32CubeIDE/plugins/com.st.stm32cube.ide.mcu.externaltools.gnu-tools-for-stm32.11.3.rel1.win32_1.1.100.202309141235/tools/bin/../lib/gcc/arm-none-eabi/11.3.1/thumb/v7e-m+fp/hard/crtbegin.o
 .ARM.attributes
                0x0000000000000052       0x34 ./Src/gpio_conf.o
 .ARM.attributes
                0x0000000000000086       0x34 ./Src/main.o
 .ARM.attributes
                0x00000000000000ba       0x21 ./Startup/startup_stm32l476rgtx.o
 .ARM.attributes
                0x00000000000000db       0x34 C:/ST/STM32CubeIDE_1.14.0/STM32CubeIDE/plugins/com.st.stm32cube.ide.mcu.externaltools.gnu-tools-for-stm32.11.3.rel1.win32_1.1.100.202309141235/tools/bin/../lib/gcc/arm-none-eabi/11.3.1/../../../../arm-none-eabi/lib/thumb/v7e-m+fp/hard\libc_nano.a(libc_a-init.o)
 .ARM.attributes
                0x000000000000010f       0x1c C:/ST/STM32CubeIDE_1.14.0/STM32CubeIDE/plugins/com.st.stm32cube.ide.mcu.externaltools.gnu-tools-for-stm32.11.3.rel1.win32_1.1.100.202309141235/tools/bin/../lib/gcc/arm-none-eabi/11.3.1/../../../../arm-none-eabi/lib/thumb/v7e-m+fp/hard\libc_nano.a(libc_a-strcmp.o)
 .ARM.attributes
                0x000000000000012b       0x1e C:/ST/STM32CubeIDE_1.14.0/STM32CubeIDE/plugins/com.st.stm32cube.ide.mcu.externaltools.gnu-tools-for-stm32.11.3.rel1.win32_1.1.100.202309141235/tools/bin/../lib/gcc/arm-none-eabi/11.3.1/thumb/v7e-m+fp/hard/crtn.o
OUTPUT(P5_UART.elf elf32-littlearm)
LOAD linker stubs
LOAD C:/ST/STM32CubeIDE_1.14.0/STM32CubeIDE/plugins/com.st.stm32cube.ide.mcu.externaltools.gnu-tools-for-stm32.11.3.rel1.win32_1.1.100.202309141235/tools/bin/../lib/gcc/arm-none-eabi/11.3.1/../../../../arm-none-eabi/lib/thumb/v7e-m+fp/hard\libc.a
LOAD C:/ST/STM32CubeIDE_1.14.0/STM32CubeIDE/plugins/com.st.stm32cube.ide.mcu.externaltools.gnu-tools-for-stm32.11.3.rel1.win32_1.1.100.202309141235/tools/bin/../lib/gcc/arm-none-eabi/11.3.1/../../../../arm-none-eabi/lib/thumb/v7e-m+fp/hard\libm.a
LOAD C:/ST/STM32CubeIDE_1.14.0/STM32CubeIDE/plugins/com.st.stm32cube.ide.mcu.externaltools.gnu-tools-for-stm32.11.3.rel1.win32_1.1.100.202309141235/tools/bin/../lib/gcc/arm-none-eabi/11.3.1/thumb/v7e-m+fp/hard\libgcc.a

.comment        0x0000000000000000       0x43
 .comment       0x0000000000000000       0x43 C:/ST/STM32CubeIDE_1.14.0/STM32CubeIDE/plugins/com.st.stm32cube.ide.mcu.externaltools.gnu-tools-for-stm32.11.3.rel1.win32_1.1.100.202309141235/tools/bin/../lib/gcc/arm-none-eabi/11.3.1/thumb/v7e-m+fp/hard/crtbegin.o
                                         0x44 (size before relaxing)
 .comment       0x0000000000000043       0x44 ./Src/gpio_conf.o
 .comment       0x0000000000000043       0x44 ./Src/main.o

.debug_info     0x0000000000000000      0xfbd
 .debug_info    0x0000000000000000      0x344 ./Src/gpio_conf.o
 .debug_info    0x0000000000000344      0xc56 ./Src/main.o
 .debug_info    0x0000000000000f9a       0x23 ./Startup/startup_stm32l476rgtx.o

.debug_abbrev   0x0000000000000000      0x355
 .debug_abbrev  0x0000000000000000       0xb5 ./Src/gpio_conf.o
 .debug_abbrev  0x00000000000000b5      0x28e ./Src/main.o
 .debug_abbrev  0x0000000000000343       0x12 ./Startup/startup_stm32l476rgtx.o

.debug_aranges  0x0000000000000000       0xb8
 .debug_aranges
                0x0000000000000000       0x28 ./Src/gpio_conf.o
 .debug_aranges
                0x0000000000000028       0x68 ./Src/main.o
 .debug_aranges
                0x0000000000000090       0x28 ./Startup/startup_stm32l476rgtx.o

.debug_rnglists
                0x0000000000000000       0x7e
 .debug_rnglists
                0x0000000000000000       0x19 ./Src/gpio_conf.o
 .debug_rnglists
                0x0000000000000019       0x4c ./Src/main.o
 .debug_rnglists
                0x0000000000000065       0x19 ./Startup/startup_stm32l476rgtx.o

.debug_macro    0x0000000000000000    0x1d069
 .debug_macro   0x0000000000000000      0x1b5 ./Src/gpio_conf.o
 .debug_macro   0x00000000000001b5      0xab4 ./Src/gpio_conf.o
 .debug_macro   0x0000000000000c69       0x22 ./Src/gpio_conf.o
 .debug_macro   0x0000000000000c8b       0x8e ./Src/gpio_conf.o
 .debug_macro   0x0000000000000d19       0x51 ./Src/gpio_conf.o
 .debug_macro   0x0000000000000d6a      0x103 ./Src/gpio_conf.o
 .debug_macro   0x0000000000000e6d       0x6a ./Src/gpio_conf.o
 .debug_macro   0x0000000000000ed7      0x1df ./Src/gpio_conf.o
 .debug_macro   0x00000000000010b6       0x28 ./Src/gpio_conf.o
 .debug_macro   0x00000000000010de       0x28 ./Src/gpio_conf.o
 .debug_macro   0x0000000000001106       0x1c ./Src/gpio_conf.o
 .debug_macro   0x0000000000001122       0x22 ./Src/gpio_conf.o
 .debug_macro   0x0000000000001144       0xfb ./Src/gpio_conf.o
 .debug_macro   0x000000000000123f     0x1011 ./Src/gpio_conf.o
 .debug_macro   0x0000000000002250      0x11f ./Src/gpio_conf.o
 .debug_macro   0x000000000000236f    0x1a17a ./Src/gpio_conf.o
 .debug_macro   0x000000000001c4e9       0x6d ./Src/gpio_conf.o
 .debug_macro   0x000000000001c556       0x61 ./Src/gpio_conf.o
 .debug_macro   0x000000000001c5b7       0x2a ./Src/gpio_conf.o
 .debug_macro   0x000000000001c5e1       0x43 ./Src/gpio_conf.o
 .debug_macro   0x000000000001c624       0x34 ./Src/gpio_conf.o
 .debug_macro   0x000000000001c658      0x174 ./Src/gpio_conf.o
 .debug_macro   0x000000000001c7cc       0x16 ./Src/gpio_conf.o
 .debug_macro   0x000000000001c7e2       0x43 ./Src/gpio_conf.o
 .debug_macro   0x000000000001c825       0x34 ./Src/gpio_conf.o
 .debug_macro   0x000000000001c859       0x10 ./Src/gpio_conf.o
 .debug_macro   0x000000000001c869       0x58 ./Src/gpio_conf.o
 .debug_macro   0x000000000001c8c1       0x8e ./Src/gpio_conf.o
 .debug_macro   0x000000000001c94f       0x1c ./Src/gpio_conf.o
 .debug_macro   0x000000000001c96b      0x177 ./Src/gpio_conf.o
 .debug_macro   0x000000000001cae2      0x369 ./Src/gpio_conf.o
 .debug_macro   0x000000000001ce4b       0x10 ./Src/gpio_conf.o
 .debug_macro   0x000000000001ce5b       0x35 ./Src/gpio_conf.o
 .debug_macro   0x000000000001ce90       0x20 ./Src/gpio_conf.o
 .debug_macro   0x000000000001ceb0      0x1b9 ./Src/main.o

.debug_line     0x0000000000000000      0xfa5
 .debug_line    0x0000000000000000      0x69c ./Src/gpio_conf.o
 .debug_line    0x000000000000069c      0x88e ./Src/main.o
 .debug_line    0x0000000000000f2a       0x7b ./Startup/startup_stm32l476rgtx.o

.debug_str      0x0000000000000000    0xa2327
 .debug_str     0x0000000000000000    0xa1cf1 ./Src/gpio_conf.o
                                      0xa1f0b (size before relaxing)
 .debug_str     0x00000000000a1cf1      0x607 ./Src/main.o
                                      0xa25cb (size before relaxing)
 .debug_str     0x00000000000a22f8       0x2f ./Startup/startup_stm32l476rgtx.o
                                         0x6e (size before relaxing)

.debug_frame    0x0000000000000000      0x214
 .debug_frame   0x0000000000000000       0x50 ./Src/gpio_conf.o
 .debug_frame   0x0000000000000050      0x178 ./Src/main.o
 .debug_frame   0x00000000000001c8       0x2c C:/ST/STM32CubeIDE_1.14.0/STM32CubeIDE/plugins/com.st.stm32cube.ide.mcu.externaltools.gnu-tools-for-stm32.11.3.rel1.win32_1.1.100.202309141235/tools/bin/../lib/gcc/arm-none-eabi/11.3.1/../../../../arm-none-eabi/lib/thumb/v7e-m+fp/hard\libc_nano.a(libc_a-init.o)
 .debug_frame   0x00000000000001f4       0x20 C:/ST/STM32CubeIDE_1.14.0/STM32CubeIDE/plugins/com.st.stm32cube.ide.mcu.externaltools.gnu-tools-for-stm32.11.3.rel1.win32_1.1.100.202309141235/tools/bin/../lib/gcc/arm-none-eabi/11.3.1/../../../../arm-none-eabi/lib/thumb/v7e-m+fp/hard\libc_nano.a(libc_a-strcmp.o)

.debug_line_str
                0x0000000000000000       0x62
 .debug_line_str
                0x0000000000000000       0x62 ./Startup/startup_stm32l476rgtx.o
                                         0x7a (size before relaxing)
