../Drivers/CMSIS/Include/core_cm4.h:1679:22:__NVIC_EnableIRQ	16	static,ignoring_inline_asm
../Drivers/CMSIS/Include/core_cm4.h:1809:22:__NVIC_SetPriority	16	static
../Drivers/CMSIS/Include/core_cm4.h:2017:26:SysTick_Config	16	static
../Src/main.c:35:5:main	8	static
../Src/main.c:55:6:ClockConfig	4	static
../Src/main.c:67:6:EXTI_Conf	8	static
../Src/main.c:82:6:EXTI9_5_IRQHandler	4	static
../Src/main.c:89:6:SysTick_Handler	4	static
../Src/main.c:93:6:Delay	24	static
../Src/main.c:97:10:GetSystemTick	4	static
